2025-09-01T13:09:32.1362774Z Current runner version: '2.328.0'
2025-09-01T13:09:32.1396327Z ##[group]Runner Image Provisioner
2025-09-01T13:09:32.1397538Z Hosted Compute Agent
2025-09-01T13:09:32.1398675Z Version: 20250829.383
2025-09-01T13:09:32.1399918Z Commit: 27cb235aab5b0e52e153a26cd86b4742e89dac5d
2025-09-01T13:09:32.1401063Z Build Date: 2025-08-29T13:48:48Z
2025-09-01T13:09:32.1402063Z ##[endgroup]
2025-09-01T13:09:32.1403066Z ##[group]Operating System
2025-09-01T13:09:32.1403992Z Ubuntu
2025-09-01T13:09:32.1404690Z 24.04.3
2025-09-01T13:09:32.1405643Z LTS
2025-09-01T13:09:32.1406380Z ##[endgroup]
2025-09-01T13:09:32.1407790Z ##[group]Runner Image
2025-09-01T13:09:32.1409051Z Image: ubuntu-24.04
2025-09-01T13:09:32.1409920Z Version: 20250824.1.0
2025-09-01T13:09:32.1411815Z Included Software: https://github.com/actions/runner-images/blob/ubuntu24/20250824.1/images/ubuntu/Ubuntu2404-Readme.md
2025-09-01T13:09:32.1414537Z Image Release: https://github.com/actions/runner-images/releases/tag/ubuntu24%2F20250824.1
2025-09-01T13:09:32.1416423Z ##[endgroup]
2025-09-01T13:09:32.1418401Z ##[group]GITHUB_TOKEN Permissions
2025-09-01T13:09:32.1421601Z Contents: read
2025-09-01T13:09:32.1422452Z Metadata: read
2025-09-01T13:09:32.1423327Z PullRequests: write
2025-09-01T13:09:32.1424233Z Statuses: write
2025-09-01T13:09:32.1424997Z ##[endgroup]
2025-09-01T13:09:32.1428277Z Secret source: Actions
2025-09-01T13:09:32.1429849Z Prepare workflow directory
2025-09-01T13:09:32.1900366Z Prepare all required actions
2025-09-01T13:09:32.1957091Z Getting action download info
2025-09-01T13:09:32.4174138Z Download action repository 'actions/checkout@v5' (SHA:08c6903cd8c0fde910a37f88322edcfb5dd907a8)
2025-09-01T13:09:32.5623597Z Complete job name: parse-params
2025-09-01T13:09:32.6425310Z ##[group]Run actions/checkout@v5
2025-09-01T13:09:32.6426149Z with:
2025-09-01T13:09:32.6426600Z   repository: Frawless/strimzi-kafka-operator
2025-09-01T13:09:32.6427275Z   token: ***
2025-09-01T13:09:32.6427674Z   ssh-strict: true
2025-09-01T13:09:32.6428079Z   ssh-user: git
2025-09-01T13:09:32.6428667Z   persist-credentials: true
2025-09-01T13:09:32.6429137Z   clean: true
2025-09-01T13:09:32.6429552Z   sparse-checkout-cone-mode: true
2025-09-01T13:09:32.6430038Z   fetch-depth: 1
2025-09-01T13:09:32.6430428Z   fetch-tags: false
2025-09-01T13:09:32.6430836Z   show-progress: true
2025-09-01T13:09:32.6431237Z   lfs: false
2025-09-01T13:09:32.6431614Z   submodules: false
2025-09-01T13:09:32.6432018Z   set-safe-directory: true
2025-09-01T13:09:32.6432717Z ##[endgroup]
2025-09-01T13:09:32.7322759Z Syncing repository: Frawless/strimzi-kafka-operator
2025-09-01T13:09:32.7324782Z ##[group]Getting Git version info
2025-09-01T13:09:32.7325824Z Working directory is '/home/runner/work/strimzi-kafka-operator/strimzi-kafka-operator'
2025-09-01T13:09:32.7326981Z [command]/usr/bin/git version
2025-09-01T13:09:32.7349061Z git version 2.51.0
2025-09-01T13:09:32.7371787Z ##[endgroup]
2025-09-01T13:09:32.7383878Z Temporarily overriding HOME='/home/runner/work/_temp/b7bdd6c6-a110-4396-9fe0-8ea189612900' before making global git config changes
2025-09-01T13:09:32.7385682Z Adding repository directory to the temporary git global config as a safe directory
2025-09-01T13:09:32.7388676Z [command]/usr/bin/git config --global --add safe.directory /home/runner/work/strimzi-kafka-operator/strimzi-kafka-operator
2025-09-01T13:09:32.7424718Z Deleting the contents of '/home/runner/work/strimzi-kafka-operator/strimzi-kafka-operator'
2025-09-01T13:09:32.7427692Z ##[group]Initializing the repository
2025-09-01T13:09:32.7432746Z [command]/usr/bin/git init /home/runner/work/strimzi-kafka-operator/strimzi-kafka-operator
2025-09-01T13:09:32.7500940Z hint: Using 'master' as the name for the initial branch. This default branch name
2025-09-01T13:09:32.7502520Z hint: is subject to change. To configure the initial branch name to use in all
2025-09-01T13:09:32.7503946Z hint: of your new repositories, which will suppress this warning, call:
2025-09-01T13:09:32.7505037Z hint:
2025-09-01T13:09:32.7505634Z hint: 	git config --global init.defaultBranch <name>
2025-09-01T13:09:32.7507001Z hint:
2025-09-01T13:09:32.7507937Z hint: Names commonly chosen instead of 'master' are 'main', 'trunk' and
2025-09-01T13:09:32.7509405Z hint: 'development'. The just-created branch can be renamed via this command:
2025-09-01T13:09:32.7510248Z hint:
2025-09-01T13:09:32.7510641Z hint: 	git branch -m <name>
2025-09-01T13:09:32.7511090Z hint:
2025-09-01T13:09:32.7511704Z hint: Disable this message with "git config set advice.defaultBranchName false"
2025-09-01T13:09:32.7512961Z Initialized empty Git repository in /home/runner/work/strimzi-kafka-operator/strimzi-kafka-operator/.git/
2025-09-01T13:09:32.7514908Z [command]/usr/bin/git remote add origin https://github.com/Frawless/strimzi-kafka-operator
2025-09-01T13:09:32.7548662Z ##[endgroup]
2025-09-01T13:09:32.7549780Z ##[group]Disabling automatic garbage collection
2025-09-01T13:09:32.7551850Z [command]/usr/bin/git config --local gc.auto 0
2025-09-01T13:09:32.7578220Z ##[endgroup]
2025-09-01T13:09:32.7579443Z ##[group]Setting up auth
2025-09-01T13:09:32.7584586Z [command]/usr/bin/git config --local --name-only --get-regexp core\.sshCommand
2025-09-01T13:09:32.7614480Z [command]/usr/bin/git submodule foreach --recursive sh -c "git config --local --name-only --get-regexp 'core\.sshCommand' && git config --local --unset-all 'core.sshCommand' || :"
2025-09-01T13:09:32.7880981Z [command]/usr/bin/git config --local --name-only --get-regexp http\.https\:\/\/github\.com\/\.extraheader
2025-09-01T13:09:32.7908470Z [command]/usr/bin/git submodule foreach --recursive sh -c "git config --local --name-only --get-regexp 'http\.https\:\/\/github\.com\/\.extraheader' && git config --local --unset-all 'http.https://github.com/.extraheader' || :"
2025-09-01T13:09:32.8125702Z [command]/usr/bin/git config --local http.https://github.com/.extraheader AUTHORIZATION: basic ***
2025-09-01T13:09:32.8158732Z ##[endgroup]
2025-09-01T13:09:32.8159971Z ##[group]Fetching the repository
2025-09-01T13:09:32.8168963Z [command]/usr/bin/git -c protocol.version=2 fetch --no-tags --prune --no-recurse-submodules --depth=1 origin +e612c0a14b6a8df886dab1eabf13c2414ce30de1:refs/remotes/origin/sts-gha-fixes-v2
2025-09-01T13:09:33.9191794Z From https://github.com/Frawless/strimzi-kafka-operator
2025-09-01T13:09:33.9194061Z  * [new ref]         e612c0a14b6a8df886dab1eabf13c2414ce30de1 -> origin/sts-gha-fixes-v2
2025-09-01T13:09:33.9222902Z ##[endgroup]
2025-09-01T13:09:33.9224786Z ##[group]Determining the checkout info
2025-09-01T13:09:33.9226801Z ##[endgroup]
2025-09-01T13:09:33.9231379Z [command]/usr/bin/git sparse-checkout disable
2025-09-01T13:09:33.9269986Z [command]/usr/bin/git config --local --unset-all extensions.worktreeConfig
2025-09-01T13:09:33.9296841Z ##[group]Checking out the ref
2025-09-01T13:09:33.9301225Z [command]/usr/bin/git checkout --progress --force -B sts-gha-fixes-v2 refs/remotes/origin/sts-gha-fixes-v2
2025-09-01T13:09:34.1188951Z Switched to a new branch 'sts-gha-fixes-v2'
2025-09-01T13:09:34.1191419Z branch 'sts-gha-fixes-v2' set up to track 'origin/sts-gha-fixes-v2'.
2025-09-01T13:09:34.1209204Z ##[endgroup]
2025-09-01T13:09:34.1250795Z [command]/usr/bin/git log -1 --format=%H
2025-09-01T13:09:34.1273807Z e612c0a14b6a8df886dab1eabf13c2414ce30de1
2025-09-01T13:09:34.1574004Z Prepare all required actions
2025-09-01T13:09:34.1645038Z ##[group]Run ./.github/actions/determine-ref
2025-09-01T13:09:34.1645931Z ##[endgroup]
2025-09-01T13:09:34.1774629Z ##[group]Run if [[ "issue_comment" == "pull_request" ]]; then
2025-09-01T13:09:34.1775770Z [36;1mif [[ "issue_comment" == "pull_request" ]]; then[0m
2025-09-01T13:09:34.1776798Z [36;1m  # For PR events, use merge ref to test the merged state[0m
2025-09-01T13:09:34.1777746Z [36;1m  REF="refs/pull//merge"[0m
2025-09-01T13:09:34.1778749Z [36;1m  SHA=""[0m
2025-09-01T13:09:34.1779578Z [36;1m  if [[ "$SHA" == "" || "$SHA" == "null" ]]; then[0m
2025-09-01T13:09:34.1780461Z [36;1m    SHA="HEAD"[0m
2025-09-01T13:09:34.1781218Z [36;1m  fi[0m
2025-09-01T13:09:34.1782036Z [36;1m  echo "PR event detected: Using merge ref for PR #"[0m
2025-09-01T13:09:34.1783427Z [36;1melif [[ "issue_comment" == "issue_comment" ]] && [[ "Object" != "" && "Object" != "null" ]]; then[0m
2025-09-01T13:09:34.1784623Z [36;1m  # For PR comments, use merge ref to test against merge commit[0m
2025-09-01T13:09:34.1785564Z [36;1m  REF="refs/pull/10/merge"[0m
2025-09-01T13:09:34.1786372Z [36;1m  SHA="HEAD"[0m
2025-09-01T13:09:34.1787226Z [36;1m  echo "PR comment detected: Using merge ref for PR #10"[0m
2025-09-01T13:09:34.1788094Z [36;1melse[0m
2025-09-01T13:09:34.1789219Z [36;1m  # For workflow_dispatch and other events, use the current branch[0m
2025-09-01T13:09:34.1790198Z [36;1m  REF="refs/heads/sts-gha-fixes-v2"[0m
2025-09-01T13:09:34.1791079Z [36;1m  SHA="e612c0a14b6a8df886dab1eabf13c2414ce30de1"[0m
2025-09-01T13:09:34.1792002Z [36;1m  echo "Standard event: Using current ref $REF"[0m
2025-09-01T13:09:34.1792824Z [36;1mfi[0m
2025-09-01T13:09:34.1793480Z [36;1m[0m
2025-09-01T13:09:34.1794172Z [36;1mecho "ref=$REF" >> $GITHUB_OUTPUT[0m
2025-09-01T13:09:34.1794996Z [36;1mecho "sha=$SHA" >> $GITHUB_OUTPUT[0m
2025-09-01T13:09:34.1795798Z [36;1mecho "REF=$REF" >> $GITHUB_ENV[0m
2025-09-01T13:09:34.1796603Z [36;1mecho "SHA=$SHA" >> $GITHUB_ENV[0m
2025-09-01T13:09:34.1797365Z [36;1m[0m
2025-09-01T13:09:34.1798037Z [36;1mecho "Determined ref: $REF"[0m
2025-09-01T13:09:34.1798966Z [36;1mecho "Determined SHA: $SHA"[0m
2025-09-01T13:09:34.1921408Z shell: /usr/bin/bash --noprofile --norc -e -o pipefail {0}
2025-09-01T13:09:34.1922527Z ##[endgroup]
2025-09-01T13:09:34.1998333Z PR comment detected: Using merge ref for PR #10
2025-09-01T13:09:34.2000152Z Determined ref: refs/pull/10/merge
2025-09-01T13:09:34.2001515Z Determined SHA: HEAD
2025-09-01T13:09:34.2174542Z ##[group]Run actions/checkout@v5
2025-09-01T13:09:34.2175318Z with:
2025-09-01T13:09:34.2175959Z   ref: refs/pull/10/merge
2025-09-01T13:09:34.2176727Z   repository: Frawless/strimzi-kafka-operator
2025-09-01T13:09:34.2177653Z   token: ***
2025-09-01T13:09:34.2178311Z   ssh-strict: true
2025-09-01T13:09:34.2179137Z   ssh-user: git
2025-09-01T13:09:34.2179794Z   persist-credentials: true
2025-09-01T13:09:34.2180487Z   clean: true
2025-09-01T13:09:34.2181151Z   sparse-checkout-cone-mode: true
2025-09-01T13:09:34.2181887Z   fetch-depth: 1
2025-09-01T13:09:34.2182526Z   fetch-tags: false
2025-09-01T13:09:34.2183178Z   show-progress: true
2025-09-01T13:09:34.2183822Z   lfs: false
2025-09-01T13:09:34.2184433Z   submodules: false
2025-09-01T13:09:34.2185089Z   set-safe-directory: true
2025-09-01T13:09:34.2185758Z env:
2025-09-01T13:09:34.2186360Z   REF: refs/pull/10/merge
2025-09-01T13:09:34.2187018Z   SHA: HEAD
2025-09-01T13:09:34.2187631Z ##[endgroup]
2025-09-01T13:09:34.2973770Z Syncing repository: Frawless/strimzi-kafka-operator
2025-09-01T13:09:34.2977808Z ##[group]Getting Git version info
2025-09-01T13:09:34.2979864Z Working directory is '/home/runner/work/strimzi-kafka-operator/strimzi-kafka-operator'
2025-09-01T13:09:34.3013683Z [command]/usr/bin/git version
2025-09-01T13:09:34.3048961Z git version 2.51.0
2025-09-01T13:09:34.3069933Z ##[endgroup]
2025-09-01T13:09:34.3084042Z Temporarily overriding HOME='/home/runner/work/_temp/e365ebf1-56f2-4a1d-bc85-68202ca5f5cc' before making global git config changes
2025-09-01T13:09:34.3086526Z Adding repository directory to the temporary git global config as a safe directory
2025-09-01T13:09:34.3090076Z [command]/usr/bin/git config --global --add safe.directory /home/runner/work/strimzi-kafka-operator/strimzi-kafka-operator
2025-09-01T13:09:34.3128178Z [command]/usr/bin/git config --local --get remote.origin.url
2025-09-01T13:09:34.3149152Z https://github.com/Frawless/strimzi-kafka-operator
2025-09-01T13:09:34.3163359Z ##[group]Removing previously created refs, to avoid conflicts
2025-09-01T13:09:34.3166987Z [command]/usr/bin/git rev-parse --symbolic-full-name --verify --quiet HEAD
2025-09-01T13:09:34.3189244Z refs/heads/sts-gha-fixes-v2
2025-09-01T13:09:34.3200099Z [command]/usr/bin/git checkout --detach
2025-09-01T13:09:34.4302545Z HEAD is now at e612c0a Try to fix once again
2025-09-01T13:09:34.4350261Z [command]/usr/bin/git branch --delete --force sts-gha-fixes-v2
2025-09-01T13:09:34.4375149Z Deleted branch sts-gha-fixes-v2 (was e612c0a).
2025-09-01T13:09:34.4380953Z ##[endgroup]
2025-09-01T13:09:34.4384461Z [command]/usr/bin/git submodule status
2025-09-01T13:09:34.4604058Z ##[group]Cleaning the repository
2025-09-01T13:09:34.4607403Z [command]/usr/bin/git clean -ffdx
2025-09-01T13:09:34.4745934Z [command]/usr/bin/git reset --hard HEAD
2025-09-01T13:09:34.6773481Z HEAD is now at e612c0a Try to fix once again
2025-09-01T13:09:34.6781895Z ##[endgroup]
2025-09-01T13:09:34.6784247Z ##[group]Disabling automatic garbage collection
2025-09-01T13:09:34.6789766Z [command]/usr/bin/git config --local gc.auto 0
2025-09-01T13:09:34.6819748Z ##[endgroup]
2025-09-01T13:09:34.6820447Z ##[group]Setting up auth
2025-09-01T13:09:34.6827352Z [command]/usr/bin/git config --local --name-only --get-regexp core\.sshCommand
2025-09-01T13:09:34.6858019Z [command]/usr/bin/git submodule foreach --recursive sh -c "git config --local --name-only --get-regexp 'core\.sshCommand' && git config --local --unset-all 'core.sshCommand' || :"
2025-09-01T13:09:34.7082812Z [command]/usr/bin/git config --local --name-only --get-regexp http\.https\:\/\/github\.com\/\.extraheader
2025-09-01T13:09:34.7104609Z http.https://github.com/.extraheader
2025-09-01T13:09:34.7113426Z [command]/usr/bin/git config --local --unset-all http.https://github.com/.extraheader
2025-09-01T13:09:34.7216863Z [command]/usr/bin/git submodule foreach --recursive sh -c "git config --local --name-only --get-regexp 'http\.https\:\/\/github\.com\/\.extraheader' && git config --local --unset-all 'http.https://github.com/.extraheader' || :"
2025-09-01T13:09:34.7376236Z [command]/usr/bin/git config --local http.https://github.com/.extraheader AUTHORIZATION: basic ***
2025-09-01T13:09:34.7409979Z ##[endgroup]
2025-09-01T13:09:34.7410815Z ##[group]Fetching the repository
2025-09-01T13:09:34.7426896Z [command]/usr/bin/git -c protocol.version=2 fetch --no-tags --prune --no-recurse-submodules --depth=1 origin +refs/pull/10/merge:refs/remotes/pull/10/merge
2025-09-01T13:09:34.9733824Z From https://github.com/Frawless/strimzi-kafka-operator
2025-09-01T13:09:34.9735584Z  * [new ref]         refs/pull/10/merge -> pull/10/merge
2025-09-01T13:09:34.9764640Z ##[endgroup]
2025-09-01T13:09:34.9765376Z ##[group]Determining the checkout info
2025-09-01T13:09:34.9768050Z ##[endgroup]
2025-09-01T13:09:34.9771632Z [command]/usr/bin/git sparse-checkout disable
2025-09-01T13:09:35.0823002Z [command]/usr/bin/git config --local --unset-all extensions.worktreeConfig
2025-09-01T13:09:35.0853752Z ##[group]Checking out the ref
2025-09-01T13:09:35.0859595Z [command]/usr/bin/git checkout --progress --force refs/remotes/pull/10/merge
2025-09-01T13:09:35.0970573Z Previous HEAD position was e612c0a Try to fix once again
2025-09-01T13:09:35.0974685Z HEAD is now at df7af83 Merge d776971f40d651f8d54cf55913d4a27faf51421b into e612c0a14b6a8df886dab1eabf13c2414ce30de1
2025-09-01T13:09:35.0982693Z ##[endgroup]
2025-09-01T13:09:35.1016364Z [command]/usr/bin/git log -1 --format=%H
2025-09-01T13:09:35.1039002Z df7af83a938747ff140590b45a4a1d13671ef27d
2025-09-01T13:09:35.1280105Z Prepare all required actions
2025-09-01T13:09:35.1481984Z ##[group]Run ./.github/actions/parse-comment
2025-09-01T13:09:35.1482289Z with:
2025-09-01T13:09:35.1482488Z env:
2025-09-01T13:09:35.1482696Z   REF: refs/pull/10/merge
2025-09-01T13:09:35.1482932Z   SHA: HEAD
2025-09-01T13:09:35.1483129Z ##[endgroup]
2025-09-01T13:09:35.1505775Z ##[group]Run if [[ "$GITHUB_EVENT_NAME" == "workflow_dispatch" ]]; then
2025-09-01T13:09:35.1506220Z [36;1mif [[ "$GITHUB_EVENT_NAME" == "workflow_dispatch" ]]; then[0m
2025-09-01T13:09:35.1506567Z [36;1m  SHOULD_RUN_VALUE="true"[0m
2025-09-01T13:09:35.1507079Z [36;1melif [[ "$GITHUB_EVENT_NAME" == "issue_comment" ]] && [[ "Object" != "" && "Object" != "null" ]] && echo "$COMMENT_BODY" | grep -qiE '^/gha\s+run'; then[0m
2025-09-01T13:09:35.1507881Z [36;1m  # Only trigger on PR comments (not issue comments) that start with '/gha run'[0m
2025-09-01T13:09:35.1508279Z [36;1m  SHOULD_RUN_VALUE="true"[0m
2025-09-01T13:09:35.1508709Z [36;1melse[0m
2025-09-01T13:09:35.1508929Z [36;1m  SHOULD_RUN_VALUE="false"[0m
2025-09-01T13:09:35.1509182Z [36;1mfi[0m
2025-09-01T13:09:35.1509370Z [36;1m[0m
2025-09-01T13:09:35.1509641Z [36;1mecho "shouldRun=$SHOULD_RUN_VALUE" >> "$GITHUB_OUTPUT"[0m
2025-09-01T13:09:35.1510017Z [36;1mecho "Parsed shouldRun: $SHOULD_RUN_VALUE"[0m
2025-09-01T13:09:35.1539589Z shell: /usr/bin/bash --noprofile --norc -e -o pipefail {0}
2025-09-01T13:09:35.1539943Z env:
2025-09-01T13:09:35.1540153Z   REF: refs/pull/10/merge
2025-09-01T13:09:35.1540392Z   SHA: HEAD
2025-09-01T13:09:35.1540604Z   GITHUB_EVENT_NAME: issue_comment
2025-09-01T13:09:35.1541123Z   COMMENT_BODY: Testing something what is really strange
```
I'm specially formatted
```
How will the story `end?
2025-09-01T13:09:35.1541608Z ##[endgroup]
2025-09-01T13:09:35.1604350Z Parsed shouldRun: false
2025-09-01T13:09:35.1629265Z ##[group]Run if [[ "$COMMENT_BODY" == "" ]]; then
2025-09-01T13:09:35.1629611Z [36;1mif [[ "$COMMENT_BODY" == "" ]]; then[0m
2025-09-01T13:09:35.1630073Z [36;1m  BUILT_COMMENT_VALUE="/gha run profile=$INPUT_PROFILE kafkaVersion=$INPUT_KAFKA_VERSION"[0m
2025-09-01T13:09:35.1630498Z [36;1melse[0m
2025-09-01T13:09:35.1630735Z [36;1m  BUILT_COMMENT_VALUE="$COMMENT_BODY"[0m
2025-09-01T13:09:35.1631017Z [36;1mfi[0m
2025-09-01T13:09:35.1631205Z [36;1m[0m
2025-09-01T13:09:35.1631492Z [36;1mecho "builtComment=$BUILT_COMMENT_VALUE" >> "$GITHUB_OUTPUT"[0m
2025-09-01T13:09:35.1631895Z [36;1mecho "Parsed builtComment: $BUILT_COMMENT_VALUE"[0m
2025-09-01T13:09:35.1658907Z shell: /usr/bin/bash --noprofile --norc -e -o pipefail {0}
2025-09-01T13:09:35.1659256Z env:
2025-09-01T13:09:35.1659461Z   REF: refs/pull/10/merge
2025-09-01T13:09:35.1659696Z   SHA: HEAD
2025-09-01T13:09:35.1660127Z   COMMENT_BODY: Testing something what is really strange
```
I'm specially formatted
```
How will the story `end?
2025-09-01T13:09:35.1660626Z   INPUT_PROFILE:
2025-09-01T13:09:35.1660842Z   INPUT_KAFKA_VERSION:
2025-09-01T13:09:35.1661067Z ##[endgroup]
2025-09-01T13:09:35.1706303Z Parsed builtComment: Testing something what is really strange
2025-09-01T13:09:35.1707078Z ```
2025-09-01T13:09:35.1707495Z I'm specially formatted
2025-09-01T13:09:35.1707930Z ```
2025-09-01T13:09:35.1708290Z How will the story `end?
2025-09-01T13:09:35.1720216Z ##[error]Unable to process file command 'output' successfully.
2025-09-01T13:09:35.1721496Z ##[error]Invalid format '```
'
2025-09-01T13:09:35.1902482Z Post job cleanup.
2025-09-01T13:09:35.2650106Z [command]/usr/bin/git version
2025-09-01T13:09:35.2684567Z git version 2.51.0
2025-09-01T13:09:35.2722693Z Temporarily overriding HOME='/home/runner/work/_temp/5863093e-7251-40c6-a874-8d7d5c5bb866' before making global git config changes
2025-09-01T13:09:35.2724083Z Adding repository directory to the temporary git global config as a safe directory
2025-09-01T13:09:35.2728794Z [command]/usr/bin/git config --global --add safe.directory /home/runner/work/strimzi-kafka-operator/strimzi-kafka-operator
2025-09-01T13:09:35.2763126Z [command]/usr/bin/git config --local --name-only --get-regexp core\.sshCommand
2025-09-01T13:09:35.2793981Z [command]/usr/bin/git submodule foreach --recursive sh -c "git config --local --name-only --get-regexp 'core\.sshCommand' && git config --local --unset-all 'core.sshCommand' || :"
2025-09-01T13:09:35.3017778Z [command]/usr/bin/git config --local --name-only --get-regexp http\.https\:\/\/github\.com\/\.extraheader
2025-09-01T13:09:35.3038401Z http.https://github.com/.extraheader
2025-09-01T13:09:35.3048313Z [command]/usr/bin/git config --local --unset-all http.https://github.com/.extraheader
2025-09-01T13:09:35.3078422Z [command]/usr/bin/git submodule foreach --recursive sh -c "git config --local --name-only --get-regexp 'http\.https\:\/\/github\.com\/\.extraheader' && git config --local --unset-all 'http.https://github.com/.extraheader' || :"
2025-09-01T13:09:35.3444683Z Post job cleanup.
2025-09-01T13:09:35.4209804Z [command]/usr/bin/git version
2025-09-01T13:09:35.4277829Z git version 2.51.0
2025-09-01T13:09:35.4316225Z Temporarily overriding HOME='/home/runner/work/_temp/e7dfe111-1e84-4b42-bd52-83614e63912b' before making global git config changes
2025-09-01T13:09:35.4317634Z Adding repository directory to the temporary git global config as a safe directory
2025-09-01T13:09:35.4322428Z [command]/usr/bin/git config --global --add safe.directory /home/runner/work/strimzi-kafka-operator/strimzi-kafka-operator
2025-09-01T13:09:35.4356582Z [command]/usr/bin/git config --local --name-only --get-regexp core\.sshCommand
2025-09-01T13:09:35.4387709Z [command]/usr/bin/git submodule foreach --recursive sh -c "git config --local --name-only --get-regexp 'core\.sshCommand' && git config --local --unset-all 'core.sshCommand' || :"
2025-09-01T13:09:35.4610971Z [command]/usr/bin/git config --local --name-only --get-regexp http\.https\:\/\/github\.com\/\.extraheader
2025-09-01T13:09:35.4640992Z [command]/usr/bin/git submodule foreach --recursive sh -c "git config --local --name-only --get-regexp 'http\.https\:\/\/github\.com\/\.extraheader' && git config --local --unset-all 'http.https://github.com/.extraheader' || :"
2025-09-01T13:09:35.4963506Z Evaluate and set job outputs
2025-09-01T13:09:35.4974513Z Set output 'shouldRun'
2025-09-01T13:09:35.4976217Z Set output 'ref'
2025-09-01T13:09:35.4976954Z Set output 'sha'
2025-09-01T13:09:35.4977653Z Cleaning up orphan processes